 
****************************************
Report : area
Design : cnn_accelerator
Version: Q-2019.12-SP3
Date   : Sun Jun 15 02:02:48 2025
****************************************

Information: Updating design information... (UID-85)
Library(s) Used:

    No libraries used.

Number of ports:                           15
Number of nets:                            12
Number of cells:                            6
Number of combinational cells:              0
Number of sequential cells:                 4
Number of macros/black boxes:               0
Number of buf/inv:                          0
Number of references:                       1

Combinational area:                  0.000000
Buf/Inv area:                        0.000000
Noncombinational area:               0.000000
Macro/Black Box area:                0.000000
Net Interconnect area:      undefined  (No wire load specified)

Total cell area:                     0.000000
Total area:                 undefined

Information: This design contains unmapped logic. (RPT-7)
1
