 
****************************************
Report : area
Design : cnn_accelerator
Version: Q-2019.12-SP3
Date   : Sun Jun 15 02:42:11 2025
****************************************

Library(s) Used:

    saed32rvt_ss0p95v125c (File: /pkgs/synopsys/2020/32_28nm/SAED32_EDK/lib/stdcell_rvt/db_nldm/saed32rvt_ss0p95v125c.db)

Number of ports:                           15
Number of nets:                            15
Number of cells:                            9
Number of combinational cells:              5
Number of sequential cells:                 4
Number of macros/black boxes:               0
Number of buf/inv:                          2
Number of references:                       3

Combinational area:                 10.165760
Buf/Inv area:                        2.541440
Noncombinational area:              28.464128
Macro/Black Box area:                0.000000
Net Interconnect area:               2.860913

Total cell area:                    38.629889
Total area:                         41.490801

Hierarchical area distribution
------------------------------

                                  Global cell area          Local cell area
                                  ------------------  --------------------------- 
Hierarchical cell                 Absolute   Percent  Combi-    Noncombi-  Black-
                                  Total      Total    national  national   boxes   Design
--------------------------------  ---------  -------  --------  ---------  ------  ---------
cnn_accelerator                     38.6299    100.0   10.1658    28.4641  0.0000  cnn_accelerator
--------------------------------  ---------  -------  --------  ---------  ------  ---------
Total                                                  10.1658    28.4641  0.0000

1
