Information: Updating design information... (UID-85)
 
****************************************
Report : qor
Design : cnn_accelerator
Version: Q-2019.12-SP3
Date   : Sun Jun 15 02:41:38 2025
****************************************


  Timing Path Group 'clk'
  -----------------------------------
  Levels of Logic:               2.00
  Critical Path Length:          0.14
  Critical Path Slack:           1.50
  Critical Path Clk Period:      2.00
  Total Negative Slack:          0.00
  No. of Violating Paths:        0.00
  Worst Hold Violation:          0.00
  Total Hold Violation:          0.00
  No. of Hold Violations:        0.00
  -----------------------------------


  Cell Count
  -----------------------------------
  Hierarchical Cell Count:          0
  Hierarchical Port Count:          0
  Leaf Cell Count:                  9
  Buf/Inv Cell Count:               2
  Buf Cell Count:                   0
  Inv Cell Count:                   2
  CT Buf/Inv Cell Count:            0
  Combinational Cell Count:         5
  Sequential Cell Count:            4
  Macro Count:                      0
  -----------------------------------


  Area
  -----------------------------------
  Combinational Area:       10.165760
  Noncombinational Area:    28.464128
  Buf/Inv Area:              2.541440
  Total Buffer Area:             0.00
  Total Inverter Area:           2.54
  Macro/Black Box Area:      0.000000
  Net Area:                  2.860913
  -----------------------------------
  Cell Area:                38.629889
  Design Area:              41.490801


  Design Rules
  -----------------------------------
  Total Number of Nets:            15
  Nets With Violations:             0
  Max Trans Violations:             0
  Max Cap Violations:               0
  -----------------------------------


  Hostname: auto.ece.pdx.edu

  Compile CPU Statistics
  -----------------------------------------
  Resource Sharing:                    0.00
  Logic Optimization:                  0.04
  Mapping Optimization:                0.24
  -----------------------------------------
  Overall Compile Time:                5.24
  Overall Compile Wall Clock Time:     5.95

  --------------------------------------------------------------------

  Design  WNS: 0.00  TNS: 0.00  Number of Violating Paths: 0


  Design (Hold)  WNS: 0.00  TNS: 0.00  Number of Violating Paths: 0

  --------------------------------------------------------------------


1
