 
****************************************
Report : timing
        -path full
        -delay max
        -max_paths 1
Design : cnn_accelerator
Version: Q-2019.12-SP3
Date   : Sun Jun 15 02:02:48 2025
****************************************

Operating Conditions: nom_pvt   Library: gtech
Wire Load Model Mode: top

  Startpoint: emotion_out_reg[2]
              (rising edge-triggered flip-flop)
  Endpoint: emotion_out[2]
            (output port)
  Path Group: (none)
  Path Type: max

  Point                                                   Incr       Path
  --------------------------------------------------------------------------
  emotion_out_reg[2]/clocked_on (**SEQGEN**)              0.00       0.00 r
  emotion_out_reg[2]/Q (**SEQGEN**)                       0.00       0.00 r
  emotion_out[2] (out)                                    0.00       0.00 r
  data arrival time                                                  0.00
  --------------------------------------------------------------------------
  (Path is unconstrained)


1
